HC	control	HC_zhou2	/mnt/dfc_data2/project/linyusen/database/46_cfdna/newdata/plasma_100/bam/HC_zhou2/HC_zhou2.sorted.rmdup.bam
HC	control	HC_bt31	/mnt/dfc_data2/project/linyusen/database/46_cfdna/newdata/plasma_100/bam/HC_bt31/HC_bt31.sorted.rmdup.bam
HC	control	HC_sh31	/mnt/dfc_data2/project/linyusen/database/46_cfdna/newdata/plasma_100/bam/HC_sh31/HC_sh31.sorted.rmdup.bam
HC	control	HC_xj31	/mnt/dfc_data2/project/linyusen/database/46_cfdna/newdata/plasma_100/bam/HC_xj31/HC_xj31.sorted.rmdup.bam
HC	control	HC_yu2	/mnt/dfc_data2/project/linyusen/database/46_cfdna/newdata/plasma_100/bam/HC_yu2/HC_yu2.sorted.rmdup.bam
HC	control	HC_yue2	/mnt/dfc_data2/project/linyusen/database/46_cfdna/newdata/plasma_100/bam/HC_yue2/HC_yue2.sorted.rmdup.bam
HC	control	HC_shi	/mnt/dfc_data2/project/linyusen/database/46_cfdna/newdata/plasma_100/bam/HC_shi/HC_shi.sorted.rmdup.bam
Phase2	compare	Phase2_gaoke	/mnt/dfc_data2/project/linyusen/database/46_cfdna/newdata/plasma_100/bam/Phase2_gaoke/Phase2_gaoke.sorted.rmdup.bam
Phase2	compare	Phase2_lidongxiang	/mnt/dfc_data2/project/linyusen/database/46_cfdna/newdata/plasma_100/bam/Phase2_lidongxiang/Phase2_lidongxiang.sorted.rmdup.bam
Phase2	compare	Phase2_mohaoyuan	/mnt/dfc_data2/project/linyusen/database/46_cfdna/newdata/plasma_100/bam/Phase2_mohaoyuan/Phase2_mohaoyuan.sorted.rmdup.bam
Phase2	compare	Phase2_yujie	/mnt/dfc_data2/project/linyusen/database/46_cfdna/newdata/plasma_100/bam/Phase2_yujie/Phase2_yujie.sorted.rmdup.bam
Phase2	compare	Phase2_wangxianting	/mnt/dfc_data2/project/linyusen/database/46_cfdna/newdata/plasma_100/bam/Phase2_wangxianting/Phase2_wangxianting.sorted.rmdup.bam
Phase2	compare	Phase2_linzihao	/mnt/dfc_data2/project/linyusen/database/46_cfdna/newdata/plasma_100/bam/Phase2_linzihao/Phase2_linzihao.sorted.rmdup.bam
Phase2	compare	Phase2_shizhen	/mnt/dfc_data2/project/linyusen/database/46_cfdna/newdata/plasma_100/bam/Phase2_shizhen/Phase2_shizhen.sorted.rmdup.bam
Phase1	compare	Phase1_s75R	/mnt/dfc_data2/project/linyusen/database/46_cfdna/newdata/plasma_100/bam/Phase1_s75R/Phase1_s75R.sorted.rmdup.bam
Phase1	compare	Phase1_210602	/mnt/dfc_data2/project/linyusen/database/46_cfdna/newdata/plasma_100/bam/Phase1_210602/Phase1_210602.sorted.rmdup.bam
Phase1	compare	Phase1_s76H	/mnt/dfc_data2/project/linyusen/database/46_cfdna/newdata/plasma_100/bam/Phase1_s76H/Phase1_s76H.sorted.rmdup.bam
Serofast	compare	Serofast_zhangmeiying	/mnt/dfc_data2/project/linyusen/database/46_cfdna/newdata/plasma_100/bam/Serofast_zhangmeiying/Serofast_zhangmeiying.sorted.rmdup.bam
Serofast	compare	Serofast_dengqi	/mnt/dfc_data2/project/linyusen/database/46_cfdna/newdata/plasma_100/bam/Serofast_dengqi/Serofast_dengqi.sorted.rmdup.bam
Serofast	compare	Serofast_xuqianjun	/mnt/dfc_data2/project/linyusen/database/46_cfdna/newdata/plasma_100/bam/Serofast_xuqianjun/Serofast_xuqianjun.sorted.rmdup.bam
plasma	compare	plasma_cm	/mnt/dfc_data2/project/linyusen/database/46_cfdna/newdata/plasma_100/bam/plasma_cm/plasma_cm.sorted.rmdup.bam
plasma	compare	plasma_yh	/mnt/dfc_data2/project/linyusen/database/46_cfdna/newdata/plasma_100/bam/plasma_yh/plasma_yh.sorted.rmdup.bam
plasma	compare	plasma_swh	/mnt/dfc_data2/project/linyusen/database/46_cfdna/newdata/plasma_100/bam/plasma_swh/plasma_swh.sorted.rmdup.bam
pso	compare	pso_1	/mnt/dfc_data2/project/linyusen/database/46_cfdna/newdata/plasma_100/bam/pso_1/pso1.BackgroudAlign.sorted.bam
pso	compare	pso_2	/mnt/dfc_data2/project/linyusen/database/46_cfdna/newdata/plasma_100/bam/pso_2/pso2.BackgroudAlign.sorted.bam
pso	compare	pso_3	/mnt/dfc_data2/project/linyusen/database/46_cfdna/newdata/plasma_100/bam/pso_3/pso3.BackgroudAlign.sorted.bam
pso	compare	pso_4	/mnt/dfc_data2/project/linyusen/database/46_cfdna/newdata/plasma_100/bam/pso_4/pso4.BackgroudAlign.sorted.bam
