PL230613013	/mnt/dfc_data2/project/zhoujj/project/ngs.data/20250731.CNGB.JWZ.cfDNA.collected/PDAC/standard/PL230613013/01alignment/PL230613013.sorted.rmdup.bam
PL230613014	/mnt/dfc_data2/project/zhoujj/project/ngs.data/20250731.CNGB.JWZ.cfDNA.collected/PDAC/standard/PL230613014/01alignment/PL230613014.sorted.rmdup.bam
PL230613015	/mnt/dfc_data2/project/zhoujj/project/ngs.data/20250731.CNGB.JWZ.cfDNA.collected/PDAC/standard/PL230613015/01alignment/PL230613015.sorted.rmdup.bam
PL230613016	/mnt/dfc_data2/project/zhoujj/project/ngs.data/20250731.CNGB.JWZ.cfDNA.collected/PDAC/standard/PL230613016/01alignment/PL230613016.sorted.rmdup.bam
PL230613017	/mnt/dfc_data2/project/zhoujj/project/ngs.data/20250731.CNGB.JWZ.cfDNA.collected/PDAC/standard/PL230613017/01alignment/PL230613017.sorted.rmdup.bam
PL230613018	/mnt/dfc_data2/project/zhoujj/project/ngs.data/20250731.CNGB.JWZ.cfDNA.collected/PDAC/standard/PL230613018/01alignment/PL230613018.sorted.rmdup.bam
PL230613001	/mnt/dfc_data2/project/zhoujj/project/ngs.data/20250731.CNGB.JWZ.cfDNA.collected/HC_batch2/standard/PL230613001/01alignment/PL230613001.sorted.rmdup.bam
PL230613002	/mnt/dfc_data2/project/zhoujj/project/ngs.data/20250731.CNGB.JWZ.cfDNA.collected/HC_batch2/standard/PL230613002/01alignment/PL230613002.sorted.rmdup.bam
PL230613003	/mnt/dfc_data2/project/zhoujj/project/ngs.data/20250731.CNGB.JWZ.cfDNA.collected/HC_batch2/standard/PL230613003/01alignment/PL230613003.sorted.rmdup.bam
PL230613004	/mnt/dfc_data2/project/zhoujj/project/ngs.data/20250731.CNGB.JWZ.cfDNA.collected/HC_batch2/standard/PL230613004/01alignment/PL230613004.sorted.rmdup.bam
PL230613005	/mnt/dfc_data2/project/zhoujj/project/ngs.data/20250731.CNGB.JWZ.cfDNA.collected/HC_batch2/standard/PL230613005/01alignment/PL230613005.sorted.rmdup.bam
PL230613006	/mnt/dfc_data2/project/zhoujj/project/ngs.data/20250731.CNGB.JWZ.cfDNA.collected/HC_batch2/standard/PL230613006/01alignment/PL230613006.sorted.rmdup.bam
PL230613007	/mnt/dfc_data2/project/zhoujj/project/ngs.data/20250731.CNGB.JWZ.cfDNA.collected/HC_batch2/standard/PL230613007/01alignment/PL230613007.sorted.rmdup.bam
PL230613008	/mnt/dfc_data2/project/zhoujj/project/ngs.data/20250731.CNGB.JWZ.cfDNA.collected/HC_batch2/standard/PL230613008/01alignment/PL230613008.sorted.rmdup.bam
PL230613009	/mnt/dfc_data2/project/zhoujj/project/ngs.data/20250731.CNGB.JWZ.cfDNA.collected/HC_batch2/standard/PL230613009/01alignment/PL230613009.sorted.rmdup.bam
PL230613010	/mnt/dfc_data2/project/zhoujj/project/ngs.data/20250731.CNGB.JWZ.cfDNA.collected/HC_batch2/standard/PL230613010/01alignment/PL230613010.sorted.rmdup.bam
PL230613011	/mnt/dfc_data2/project/zhoujj/project/ngs.data/20250731.CNGB.JWZ.cfDNA.collected/HC_batch2/standard/PL230613011/01alignment/PL230613011.sorted.rmdup.bam
PL230613012	/mnt/dfc_data2/project/zhoujj/project/ngs.data/20250731.CNGB.JWZ.cfDNA.collected/HC_batch2/standard/PL230613012/01alignment/PL230613012.sorted.rmdup.bam
