cancer PL230613013 /mnt/dfc_data2/project/linyusen/project/31_cfdna_wps/project/NMF/multi_feature/example_result/PL230613013.csv
cancer PL230613014 /mnt/dfc_data2/project/linyusen/project/31_cfdna_wps/project/NMF/multi_feature/example_result/PL230613014.csv
cancer PL230613015 /mnt/dfc_data2/project/linyusen/project/31_cfdna_wps/project/NMF/multi_feature/example_result/PL230613015.csv
cancer PL230613016 /mnt/dfc_data2/project/linyusen/project/31_cfdna_wps/project/NMF/multi_feature/example_result/PL230613016.csv
cancer PL230613017 /mnt/dfc_data2/project/linyusen/project/31_cfdna_wps/project/NMF/multi_feature/example_result/PL230613017.csv
cancer PL230613018 /mnt/dfc_data2/project/linyusen/project/31_cfdna_wps/project/NMF/multi_feature/example_result/PL230613018.csv
control PL230613001 /mnt/dfc_data2/project/linyusen/project/31_cfdna_wps/project/NMF/multi_feature/example_result/PL230613001.csv
control PL230613002 /mnt/dfc_data2/project/linyusen/project/31_cfdna_wps/project/NMF/multi_feature/example_result/PL230613002.csv
control PL230613003 /mnt/dfc_data2/project/linyusen/project/31_cfdna_wps/project/NMF/multi_feature/example_result/PL230613003.csv
control PL230613004 /mnt/dfc_data2/project/linyusen/project/31_cfdna_wps/project/NMF/multi_feature/example_result/PL230613004.csv
control PL230613005 /mnt/dfc_data2/project/linyusen/project/31_cfdna_wps/project/NMF/multi_feature/example_result/PL230613005.csv
control PL230613006 /mnt/dfc_data2/project/linyusen/project/31_cfdna_wps/project/NMF/multi_feature/example_result/PL230613006.csv
control PL230613007 /mnt/dfc_data2/project/linyusen/project/31_cfdna_wps/project/NMF/multi_feature/example_result/PL230613007.csv
control PL230613008 /mnt/dfc_data2/project/linyusen/project/31_cfdna_wps/project/NMF/multi_feature/example_result/PL230613008.csv
control PL230613009 /mnt/dfc_data2/project/linyusen/project/31_cfdna_wps/project/NMF/multi_feature/example_result/PL230613009.csv
control PL230613010 /mnt/dfc_data2/project/linyusen/project/31_cfdna_wps/project/NMF/multi_feature/example_result/PL230613010.csv
control PL230613011 /mnt/dfc_data2/project/linyusen/project/31_cfdna_wps/project/NMF/multi_feature/example_result/PL230613011.csv
control PL230613012 /mnt/dfc_data2/project/linyusen/project/31_cfdna_wps/project/NMF/multi_feature/example_result/PL230613012.csv