healthy,/mnt/dfc_data2/project/zhoujj/project/ngs.data/20250731.CNGB.JWZ.cfDNA.collected/HC_batch2/standard/PL230613001/01alignment/PL230613001.sorted.rmdup.bam
healthy,/mnt/dfc_data2/project/zhoujj/project/ngs.data/20250731.CNGB.JWZ.cfDNA.collected/HC_batch2/standard/PL230613002/01alignment/PL230613002.sorted.rmdup.bam
healthy,/mnt/dfc_data2/project/zhoujj/project/ngs.data/20250731.CNGB.JWZ.cfDNA.collected/HC_batch2/standard/PL230613003/01alignment/PL230613003.sorted.rmdup.bam
healthy,/mnt/dfc_data2/project/zhoujj/project/ngs.data/20250731.CNGB.JWZ.cfDNA.collected/HC_batch2/standard/PL230613004/01alignment/PL230613004.sorted.rmdup.bam
healthy,/mnt/dfc_data2/project/zhoujj/project/ngs.data/20250731.CNGB.JWZ.cfDNA.collected/HC_batch2/standard/PL230613005/01alignment/PL230613005.sorted.rmdup.bam
healthy,/mnt/dfc_data2/project/zhoujj/project/ngs.data/20250731.CNGB.JWZ.cfDNA.collected/HC_batch2/standard/PL230613006/01alignment/PL230613006.sorted.rmdup.bam
healthy,/mnt/dfc_data2/project/zhoujj/project/ngs.data/20250731.CNGB.JWZ.cfDNA.collected/HC_batch2/standard/PL230613007/01alignment/PL230613007.sorted.rmdup.bam
healthy,/mnt/dfc_data2/project/zhoujj/project/ngs.data/20250731.CNGB.JWZ.cfDNA.collected/HC_batch2/standard/PL230613008/01alignment/PL230613008.sorted.rmdup.bam
healthy,/mnt/dfc_data2/project/zhoujj/project/ngs.data/20250731.CNGB.JWZ.cfDNA.collected/HC_batch2/standard/PL230613009/01alignment/PL230613009.sorted.rmdup.bam
healthy,/mnt/dfc_data2/project/zhoujj/project/ngs.data/20250731.CNGB.JWZ.cfDNA.collected/HC_batch2/standard/PL230613010/01alignment/PL230613010.sorted.rmdup.bam
healthy,/mnt/dfc_data2/project/zhoujj/project/ngs.data/20250731.CNGB.JWZ.cfDNA.collected/HC_batch2/standard/PL230613011/01alignment/PL230613011.sorted.rmdup.bam
healthy,/mnt/dfc_data2/project/zhoujj/project/ngs.data/20250731.CNGB.JWZ.cfDNA.collected/HC_batch2/standard/PL230613012/01alignment/PL230613012.sorted.rmdup.bam
pso,/mnt/dfc_data2/project/zhoujj/project/ngs.data/20250731.CNGB.JWZ.cfDNA.collected/PSO/psoCfDNA/out/pso1/01alignment/pso1.sorted.rmdup.bam
pso,/mnt/dfc_data2/project/zhoujj/project/ngs.data/20250731.CNGB.JWZ.cfDNA.collected/PSO/psoCfDNA/out/pso2/01alignment/pso2.sorted.rmdup.bam
pso,/mnt/dfc_data2/project/zhoujj/project/ngs.data/20250731.CNGB.JWZ.cfDNA.collected/PSO/psoCfDNA/out/pso3/01alignment/pso3.sorted.rmdup.bam
pso,/mnt/dfc_data2/project/zhoujj/project/ngs.data/20250731.CNGB.JWZ.cfDNA.collected/PSO/psoCfDNA/out/pso4/01alignment/pso4.sorted.rmdup.bam
pso,/mnt/dfc_data2/project/zhoujj/project/ngs.data/20260114.bgi.cfDNA.pso/pso_batch2/out/pso5/01alignment/pso5.sorted.rmdup.bam
pso,/mnt/dfc_data2/project/zhoujj/project/ngs.data/20260114.bgi.cfDNA.pso/pso_batch2/out/pso6/01alignment/pso6.sorted.rmdup.bam
pso,/mnt/dfc_data2/project/zhoujj/project/ngs.data/20260114.bgi.cfDNA.pso/pso_batch2/out/pso7/01alignment/pso7.sorted.rmdup.bam
pso,/mnt/dfc_data2/project/zhoujj/project/ngs.data/20260114.bgi.cfDNA.pso/pso_batch2/out/pso8/01alignment/pso8.sorted.rmdup.bam
